Archive member included because of file (symbol)

/usr/lib/gcc/avr/4.3.4/avr5/libgcc.a(_exit.o)
                              /usr/lib/gcc/avr/4.3.4/../../../avr/lib/avr5/crtm640.o (exit)
/usr/lib/gcc/avr/4.3.4/avr5/libgcc.a(_copy_data.o)
                              main.o (__do_copy_data)
/usr/lib/gcc/avr/4.3.4/avr5/libgcc.a(_clear_bss.o)
                              main.o (__do_clear_bss)

Memory Configuration

Name             Origin             Length             Attributes
text             0x00000000         0x00020000         xr
data             0x00800060         0x0000ffa0         rw !x
eeprom           0x00810000         0x00010000         rw !x
fuse             0x00820000         0x00000400         rw !x
lock             0x00830000         0x00000400         rw !x
signature        0x00840000         0x00000400         rw !x
*default*        0x00000000         0xffffffff

Linker script and memory map

Address of section .data set to 0x800200
LOAD /usr/lib/gcc/avr/4.3.4/../../../avr/lib/avr5/crtm640.o
LOAD main.o
LOAD /usr/lib/gcc/avr/4.3.4/../../../avr/lib/avr5/libm.a
LOAD /usr/lib/gcc/avr/4.3.4/avr5/libgcc.a
LOAD /usr/lib/gcc/avr/4.3.4/../../../avr/lib/avr5/libc.a
LOAD /usr/lib/gcc/avr/4.3.4/avr5/libgcc.a

.hash
 *(.hash)

.dynsym
 *(.dynsym)

.dynstr
 *(.dynstr)

.gnu.version
 *(.gnu.version)

.gnu.version_d
 *(.gnu.version_d)

.gnu.version_r
 *(.gnu.version_r)

.rel.init
 *(.rel.init)

.rela.init
 *(.rela.init)

.rel.text
 *(.rel.text)
 *(.rel.text.*)
 *(.rel.gnu.linkonce.t*)

.rela.text
 *(.rela.text)
 *(.rela.text.*)
 *(.rela.gnu.linkonce.t*)

.rel.fini
 *(.rel.fini)

.rela.fini
 *(.rela.fini)

.rel.rodata
 *(.rel.rodata)
 *(.rel.rodata.*)
 *(.rel.gnu.linkonce.r*)

.rela.rodata
 *(.rela.rodata)
 *(.rela.rodata.*)
 *(.rela.gnu.linkonce.r*)

.rel.data
 *(.rel.data)
 *(.rel.data.*)
 *(.rel.gnu.linkonce.d*)

.rela.data
 *(.rela.data)
 *(.rela.data.*)
 *(.rela.gnu.linkonce.d*)

.rel.ctors
 *(.rel.ctors)

.rela.ctors
 *(.rela.ctors)

.rel.dtors
 *(.rel.dtors)

.rela.dtors
 *(.rela.dtors)

.rel.got
 *(.rel.got)

.rela.got
 *(.rela.got)

.rel.bss
 *(.rel.bss)

.rela.bss
 *(.rela.bss)

.rel.plt
 *(.rel.plt)

.rela.plt
 *(.rela.plt)

.text           0x00000000      0x132
 *(.vectors)
 .vectors       0x00000000       0xe4 /usr/lib/gcc/avr/4.3.4/../../../avr/lib/avr5/crtm640.o
                0x00000000                __vectors
                0x00000000                __vector_default
 *(.vectors)
 *(.progmem.gcc*)
 *(.progmem*)
                0x000000e4                . = ALIGN (0x2)
                0x000000e4                __trampolines_start = .
 *(.trampolines)
 .trampolines   0x000000e4        0x0 linker stubs
 *(.trampolines*)
                0x000000e4                __trampolines_end = .
 *(.jumptables)
 *(.jumptables*)
 *(.lowtext)
 *(.lowtext*)
                0x000000e4                __ctors_start = .
 *(.ctors)
                0x000000e4                __ctors_end = .
                0x000000e4                __dtors_start = .
 *(.dtors)
                0x000000e4                __dtors_end = .
 SORT(*)(.ctors)
 SORT(*)(.dtors)
 *(.init0)
 .init0         0x000000e4        0x0 /usr/lib/gcc/avr/4.3.4/../../../avr/lib/avr5/crtm640.o
                0x000000e4                __init
 *(.init0)
 *(.init1)
 *(.init1)
 *(.init2)
 .init2         0x000000e4        0xc /usr/lib/gcc/avr/4.3.4/../../../avr/lib/avr5/crtm640.o
 *(.init2)
 *(.init3)
 *(.init3)
 *(.init4)
 .init4         0x000000f0       0x16 /usr/lib/gcc/avr/4.3.4/avr5/libgcc.a(_copy_data.o)
                0x000000f0                __do_copy_data
 .init4         0x00000106       0x10 /usr/lib/gcc/avr/4.3.4/avr5/libgcc.a(_clear_bss.o)
                0x00000106                __do_clear_bss
 *(.init4)
 *(.init5)
 *(.init5)
 *(.init6)
 *(.init6)
 *(.init7)
 *(.init7)
 *(.init8)
 *(.init8)
 *(.init9)
 .init9         0x00000116        0x8 /usr/lib/gcc/avr/4.3.4/../../../avr/lib/avr5/crtm640.o
 *(.init9)
 *(.text)
 .text          0x0000011e        0x4 /usr/lib/gcc/avr/4.3.4/../../../avr/lib/avr5/crtm640.o
                0x0000011e                __vector_38
                0x0000011e                __vector_22
                0x0000011e                __vector_28
                0x0000011e                __vector_1
                0x0000011e                __vector_32
                0x0000011e                __vector_34
                0x0000011e                __vector_24
                0x0000011e                __vector_12
                0x0000011e                __vector_55
                0x0000011e                __vector_46
                0x0000011e                __bad_interrupt
                0x0000011e                __vector_6
                0x0000011e                __vector_31
                0x0000011e                __vector_35
                0x0000011e                __vector_39
                0x0000011e                __vector_3
                0x0000011e                __vector_23
                0x0000011e                __vector_30
                0x0000011e                __vector_45
                0x0000011e                __vector_25
                0x0000011e                __vector_11
                0x0000011e                __vector_54
                0x0000011e                __vector_13
                0x0000011e                __vector_17
                0x0000011e                __vector_19
                0x0000011e                __vector_56
                0x0000011e                __vector_7
                0x0000011e                __vector_49
                0x0000011e                __vector_41
                0x0000011e                __vector_43
                0x0000011e                __vector_27
                0x0000011e                __vector_5
                0x0000011e                __vector_33
                0x0000011e                __vector_47
                0x0000011e                __vector_52
                0x0000011e                __vector_37
                0x0000011e                __vector_4
                0x0000011e                __vector_44
                0x0000011e                __vector_51
                0x0000011e                __vector_9
                0x0000011e                __vector_2
                0x0000011e                __vector_21
                0x0000011e                __vector_15
                0x0000011e                __vector_36
                0x0000011e                __vector_29
                0x0000011e                __vector_40
                0x0000011e                __vector_8
                0x0000011e                __vector_26
                0x0000011e                __vector_48
                0x0000011e                __vector_14
                0x0000011e                __vector_53
                0x0000011e                __vector_10
                0x0000011e                __vector_50
                0x0000011e                __vector_16
                0x0000011e                __vector_18
                0x0000011e                __vector_20
                0x0000011e                __vector_42
 .text          0x00000122        0xc main.o
                0x00000122                main
 .text          0x0000012e        0x0 /usr/lib/gcc/avr/4.3.4/avr5/libgcc.a(_exit.o)
 .text          0x0000012e        0x0 /usr/lib/gcc/avr/4.3.4/avr5/libgcc.a(_copy_data.o)
 .text          0x0000012e        0x0 /usr/lib/gcc/avr/4.3.4/avr5/libgcc.a(_clear_bss.o)
                0x0000012e                . = ALIGN (0x2)
 *(.text.*)
 .text.libgcc   0x0000012e        0x0 /usr/lib/gcc/avr/4.3.4/avr5/libgcc.a(_exit.o)
 .text.libgcc   0x0000012e        0x0 /usr/lib/gcc/avr/4.3.4/avr5/libgcc.a(_copy_data.o)
 .text.libgcc   0x0000012e        0x0 /usr/lib/gcc/avr/4.3.4/avr5/libgcc.a(_clear_bss.o)
                0x0000012e                . = ALIGN (0x2)
 *(.fini9)
 .fini9         0x0000012e        0x0 /usr/lib/gcc/avr/4.3.4/avr5/libgcc.a(_exit.o)
                0x0000012e                exit
                0x0000012e                _exit
 *(.fini9)
 *(.fini8)
 *(.fini8)
 *(.fini7)
 *(.fini7)
 *(.fini6)
 *(.fini6)
 *(.fini5)
 *(.fini5)
 *(.fini4)
 *(.fini4)
 *(.fini3)
 *(.fini3)
 *(.fini2)
 *(.fini2)
 *(.fini1)
 *(.fini1)
 *(.fini0)
 .fini0         0x0000012e        0x4 /usr/lib/gcc/avr/4.3.4/avr5/libgcc.a(_exit.o)
 *(.fini0)
                0x00000132                _etext = .

.data           0x00800200        0x0 load address 0x00000132
                0x00800200                PROVIDE (__data_start, .)
 *(.data)
 .data          0x00800200        0x0 /usr/lib/gcc/avr/4.3.4/../../../avr/lib/avr5/crtm640.o
 .data          0x00800200        0x0 main.o
 .data          0x00800200        0x0 /usr/lib/gcc/avr/4.3.4/avr5/libgcc.a(_exit.o)
 .data          0x00800200        0x0 /usr/lib/gcc/avr/4.3.4/avr5/libgcc.a(_copy_data.o)
 .data          0x00800200        0x0 /usr/lib/gcc/avr/4.3.4/avr5/libgcc.a(_clear_bss.o)
 *(.data*)
 *(.rodata)
 *(.rodata*)
 *(.gnu.linkonce.d*)
                0x00800200                . = ALIGN (0x2)
                0x00800200                _edata = .
                0x00800200                PROVIDE (__data_end, .)

.bss            0x00800200        0x0
                0x00800200                PROVIDE (__bss_start, .)
 *(.bss)
 .bss           0x00800200        0x0 /usr/lib/gcc/avr/4.3.4/../../../avr/lib/avr5/crtm640.o
 .bss           0x00800200        0x0 main.o
 .bss           0x00800200        0x0 /usr/lib/gcc/avr/4.3.4/avr5/libgcc.a(_exit.o)
 .bss           0x00800200        0x0 /usr/lib/gcc/avr/4.3.4/avr5/libgcc.a(_copy_data.o)
 .bss           0x00800200        0x0 /usr/lib/gcc/avr/4.3.4/avr5/libgcc.a(_clear_bss.o)
 *(.bss*)
 *(COMMON)
                0x00800200                PROVIDE (__bss_end, .)
                0x00000132                __data_load_start = LOADADDR (.data)
                0x00000132                __data_load_end = (__data_load_start + SIZEOF (.data))

.noinit         0x00800200        0x0
                0x00800200                PROVIDE (__noinit_start, .)
 *(.noinit*)
                0x00800200                PROVIDE (__noinit_end, .)
                0x00800200                _end = .
                0x00800200                PROVIDE (__heap_start, .)

.eeprom         0x00810000        0x0
 *(.eeprom*)
                0x00810000                __eeprom_end = .

.fuse
 *(.fuse)
 *(.lfuse)
 *(.hfuse)
 *(.efuse)

.lock
 *(.lock*)

.signature
 *(.signature*)

.stab           0x00000000      0x6b4
 *(.stab)
 .stab          0x00000000      0x6b4 /usr/lib/gcc/avr/4.3.4/../../../avr/lib/avr5/crtm640.o

.stabstr        0x00000000       0x54
 *(.stabstr)
 .stabstr       0x00000000       0x54 /usr/lib/gcc/avr/4.3.4/../../../avr/lib/avr5/crtm640.o

.stab.excl
 *(.stab.excl)

.stab.exclstr
 *(.stab.exclstr)

.stab.index
 *(.stab.index)

.stab.indexstr
 *(.stab.indexstr)

.comment
 *(.comment)

.debug
 *(.debug)

.line
 *(.line)

.debug_srcinfo
 *(.debug_srcinfo)

.debug_sfnames
 *(.debug_sfnames)

.debug_aranges  0x00000000       0x20
 *(.debug_aranges)
 .debug_aranges
                0x00000000       0x20 main.o

.debug_pubnames
                0x00000000       0x1b
 *(.debug_pubnames)
 .debug_pubnames
                0x00000000       0x1b main.o

.debug_info     0x00000000       0x76
 *(.debug_info)
 .debug_info    0x00000000       0x76 main.o
 *(.gnu.linkonce.wi.*)

.debug_abbrev   0x00000000       0x41
 *(.debug_abbrev)
 .debug_abbrev  0x00000000       0x41 main.o

.debug_line     0x00000000       0x6b
 *(.debug_line)
 .debug_line    0x00000000       0x6b main.o

.debug_frame    0x00000000       0x20
 *(.debug_frame)
 .debug_frame   0x00000000       0x20 main.o

.debug_str      0x00000000       0x71
 *(.debug_str)
 .debug_str     0x00000000       0x71 main.o
                                 0xa5 (size before relaxing)

.debug_loc
 *(.debug_loc)

.debug_macinfo
 *(.debug_macinfo)
OUTPUT(main.elf elf32-avr)
LOAD linker stubs

Cross Reference Table

Symbol                                            File
__bad_interrupt                                   /usr/lib/gcc/avr/4.3.4/../../../avr/lib/avr5/crtm640.o
__bss_end                                         /usr/lib/gcc/avr/4.3.4/avr5/libgcc.a(_clear_bss.o)
__bss_start                                       /usr/lib/gcc/avr/4.3.4/avr5/libgcc.a(_clear_bss.o)
__data_end                                        /usr/lib/gcc/avr/4.3.4/avr5/libgcc.a(_copy_data.o)
__data_load_start                                 /usr/lib/gcc/avr/4.3.4/avr5/libgcc.a(_copy_data.o)
__data_start                                      /usr/lib/gcc/avr/4.3.4/avr5/libgcc.a(_copy_data.o)
__do_clear_bss                                    /usr/lib/gcc/avr/4.3.4/avr5/libgcc.a(_clear_bss.o)
                                                  main.o
__do_copy_data                                    /usr/lib/gcc/avr/4.3.4/avr5/libgcc.a(_copy_data.o)
                                                  main.o
__heap_end                                        /usr/lib/gcc/avr/4.3.4/../../../avr/lib/avr5/crtm640.o
__init                                            /usr/lib/gcc/avr/4.3.4/../../../avr/lib/avr5/crtm640.o
__stack                                           /usr/lib/gcc/avr/4.3.4/../../../avr/lib/avr5/crtm640.o
__vector_1                                        /usr/lib/gcc/avr/4.3.4/../../../avr/lib/avr5/crtm640.o
__vector_10                                       /usr/lib/gcc/avr/4.3.4/../../../avr/lib/avr5/crtm640.o
__vector_11                                       /usr/lib/gcc/avr/4.3.4/../../../avr/lib/avr5/crtm640.o
__vector_12                                       /usr/lib/gcc/avr/4.3.4/../../../avr/lib/avr5/crtm640.o
__vector_13                                       /usr/lib/gcc/avr/4.3.4/../../../avr/lib/avr5/crtm640.o
__vector_14                                       /usr/lib/gcc/avr/4.3.4/../../../avr/lib/avr5/crtm640.o
__vector_15                                       /usr/lib/gcc/avr/4.3.4/../../../avr/lib/avr5/crtm640.o
__vector_16                                       /usr/lib/gcc/avr/4.3.4/../../../avr/lib/avr5/crtm640.o
__vector_17                                       /usr/lib/gcc/avr/4.3.4/../../../avr/lib/avr5/crtm640.o
__vector_18                                       /usr/lib/gcc/avr/4.3.4/../../../avr/lib/avr5/crtm640.o
__vector_19                                       /usr/lib/gcc/avr/4.3.4/../../../avr/lib/avr5/crtm640.o
__vector_2                                        /usr/lib/gcc/avr/4.3.4/../../../avr/lib/avr5/crtm640.o
__vector_20                                       /usr/lib/gcc/avr/4.3.4/../../../avr/lib/avr5/crtm640.o
__vector_21                                       /usr/lib/gcc/avr/4.3.4/../../../avr/lib/avr5/crtm640.o
__vector_22                                       /usr/lib/gcc/avr/4.3.4/../../../avr/lib/avr5/crtm640.o
__vector_23                                       /usr/lib/gcc/avr/4.3.4/../../../avr/lib/avr5/crtm640.o
__vector_24                                       /usr/lib/gcc/avr/4.3.4/../../../avr/lib/avr5/crtm640.o
__vector_25                                       /usr/lib/gcc/avr/4.3.4/../../../avr/lib/avr5/crtm640.o
__vector_26                                       /usr/lib/gcc/avr/4.3.4/../../../avr/lib/avr5/crtm640.o
__vector_27                                       /usr/lib/gcc/avr/4.3.4/../../../avr/lib/avr5/crtm640.o
__vector_28                                       /usr/lib/gcc/avr/4.3.4/../../../avr/lib/avr5/crtm640.o
__vector_29                                       /usr/lib/gcc/avr/4.3.4/../../../avr/lib/avr5/crtm640.o
__vector_3                                        /usr/lib/gcc/avr/4.3.4/../../../avr/lib/avr5/crtm640.o
__vector_30                                       /usr/lib/gcc/avr/4.3.4/../../../avr/lib/avr5/crtm640.o
__vector_31                                       /usr/lib/gcc/avr/4.3.4/../../../avr/lib/avr5/crtm640.o
__vector_32                                       /usr/lib/gcc/avr/4.3.4/../../../avr/lib/avr5/crtm640.o
__vector_33                                       /usr/lib/gcc/avr/4.3.4/../../../avr/lib/avr5/crtm640.o
__vector_34                                       /usr/lib/gcc/avr/4.3.4/../../../avr/lib/avr5/crtm640.o
__vector_35                                       /usr/lib/gcc/avr/4.3.4/../../../avr/lib/avr5/crtm640.o
__vector_36                                       /usr/lib/gcc/avr/4.3.4/../../../avr/lib/avr5/crtm640.o
__vector_37                                       /usr/lib/gcc/avr/4.3.4/../../../avr/lib/avr5/crtm640.o
__vector_38                                       /usr/lib/gcc/avr/4.3.4/../../../avr/lib/avr5/crtm640.o
__vector_39                                       /usr/lib/gcc/avr/4.3.4/../../../avr/lib/avr5/crtm640.o
__vector_4                                        /usr/lib/gcc/avr/4.3.4/../../../avr/lib/avr5/crtm640.o
__vector_40                                       /usr/lib/gcc/avr/4.3.4/../../../avr/lib/avr5/crtm640.o
__vector_41                                       /usr/lib/gcc/avr/4.3.4/../../../avr/lib/avr5/crtm640.o
__vector_42                                       /usr/lib/gcc/avr/4.3.4/../../../avr/lib/avr5/crtm640.o
__vector_43                                       /usr/lib/gcc/avr/4.3.4/../../../avr/lib/avr5/crtm640.o
__vector_44                                       /usr/lib/gcc/avr/4.3.4/../../../avr/lib/avr5/crtm640.o
__vector_45                                       /usr/lib/gcc/avr/4.3.4/../../../avr/lib/avr5/crtm640.o
__vector_46                                       /usr/lib/gcc/avr/4.3.4/../../../avr/lib/avr5/crtm640.o
__vector_47                                       /usr/lib/gcc/avr/4.3.4/../../../avr/lib/avr5/crtm640.o
__vector_48                                       /usr/lib/gcc/avr/4.3.4/../../../avr/lib/avr5/crtm640.o
__vector_49                                       /usr/lib/gcc/avr/4.3.4/../../../avr/lib/avr5/crtm640.o
__vector_5                                        /usr/lib/gcc/avr/4.3.4/../../../avr/lib/avr5/crtm640.o
__vector_50                                       /usr/lib/gcc/avr/4.3.4/../../../avr/lib/avr5/crtm640.o
__vector_51                                       /usr/lib/gcc/avr/4.3.4/../../../avr/lib/avr5/crtm640.o
__vector_52                                       /usr/lib/gcc/avr/4.3.4/../../../avr/lib/avr5/crtm640.o
__vector_53                                       /usr/lib/gcc/avr/4.3.4/../../../avr/lib/avr5/crtm640.o
__vector_54                                       /usr/lib/gcc/avr/4.3.4/../../../avr/lib/avr5/crtm640.o
__vector_55                                       /usr/lib/gcc/avr/4.3.4/../../../avr/lib/avr5/crtm640.o
__vector_56                                       /usr/lib/gcc/avr/4.3.4/../../../avr/lib/avr5/crtm640.o
__vector_6                                        /usr/lib/gcc/avr/4.3.4/../../../avr/lib/avr5/crtm640.o
__vector_7                                        /usr/lib/gcc/avr/4.3.4/../../../avr/lib/avr5/crtm640.o
__vector_8                                        /usr/lib/gcc/avr/4.3.4/../../../avr/lib/avr5/crtm640.o
__vector_9                                        /usr/lib/gcc/avr/4.3.4/../../../avr/lib/avr5/crtm640.o
__vector_default                                  /usr/lib/gcc/avr/4.3.4/../../../avr/lib/avr5/crtm640.o
__vectors                                         /usr/lib/gcc/avr/4.3.4/../../../avr/lib/avr5/crtm640.o
_exit                                             /usr/lib/gcc/avr/4.3.4/avr5/libgcc.a(_exit.o)
exit                                              /usr/lib/gcc/avr/4.3.4/avr5/libgcc.a(_exit.o)
                                                  /usr/lib/gcc/avr/4.3.4/../../../avr/lib/avr5/crtm640.o
main                                              main.o
                                                  /usr/lib/gcc/avr/4.3.4/../../../avr/lib/avr5/crtm640.o
